// Jest Snapshot v1, https://goo.gl/fbAQLP

exports[`Calendar Should Render 1`] = `ShallowWrapper {}`;
